This is LuaHBTeX, Version 1.18.0 (TeX Live 2024/nixos.org)  (format=lualatex 1980.1.1)  28 AUG 2025 00:07
 restricted system commands enabled.
**document.tex
(./document.tex
LaTeX2e <2024-11-01> patch level 2
L3 programming layer <2025-01-18>
Lua module: luaotfload 2024-12-03 v3.29 Lua based OpenType font support
Lua module: lualibs 2023-07-13 v2.76 ConTeXt Lua standard libraries.
Lua module: lualibs-extended 2023-07-13 v2.76 ConTeXt Lua libraries -- extended 
collection.
luaotfload | conf : Root cache directory is "/home/jamesislan/.texlive2024/texmf
-var/luatex-cache/generic/names".
luaotfload | init : Loading fontloader "fontloader-2023-12-28.lua" from kpse-res
olved path "/nix/store/kab81cjb4mqgwbmd5jdyc1b1ippksx3c-texlive-2024-env-texmfdi
st/tex/luatex/luaotfload/fontloader-2023-12-28.lua".
Lua-only attribute luaotfload@noligature = 1
luaotfload | init : Context OpenType loader version 3.134
Inserting `luaotfload.node_processor' in `pre_linebreak_filter'.
Inserting `luaotfload.node_processor' in `hpack_filter'.
Inserting `luaotfload.glyph_stream' in `glyph_stream_provider'.
Inserting `luaotfload.define_font' in `define_font'.
Lua-only attribute luaotfload_color_attribute = 2
luaotfload | conf : Root cache directory is "/home/jamesislan/.texlive2024/texmf
-var/luatex-cache/generic/names".
Inserting `luaotfload.harf.strip_prefix' in `find_opentype_file'.
Inserting `luaotfload.harf.strip_prefix' in `find_truetype_file'.
Removing  `luaotfload.glyph_stream' from `glyph_stream_provider'.
Inserting `luaotfload.harf.glyphstream' in `glyph_stream_provider'.
Inserting `luaotfload.harf.finalize_vlist' in `post_linebreak_filter'.
Inserting `luaotfload.harf.finalize_hlist' in `hpack_filter'.
Inserting `luaotfload.cleanup_files' in `wrapup_run'.
Inserting `luaotfload.harf.finalize_unicode' in `finish_pdffile'.
Inserting `luaotfload.glyphinfo' in `glyph_info'.
Lua-only attribute luaotfload.letterspace_done = 3
Inserting `luaotfload.aux.set_sscale_dimens' in `luaotfload.patch_font'.
Inserting `luaotfload.aux.set_font_index' in `luaotfload.patch_font'.
Inserting `luaotfload.aux.patch_cambria_domh' in `luaotfload.patch_font'.
Inserting `luaotfload.aux.fixup_fontdata' in `luaotfload.patch_font_unsafe'.
Inserting `luaotfload.aux.set_capheight' in `luaotfload.patch_font'.
Inserting `luaotfload.aux.set_xheight' in `luaotfload.patch_font'.
Inserting `luaotfload.rewrite_fontname' in `luaotfload.patch_font'.
Inserting `tracingstacklevels' in `input_level_string'.
(/nix/store/kab81cjb4mqgwbmd5jdyc1b1ippksx3c-texlive-2024-env-texmfdist/tex/lat
ex/base/article.cls
Document Class: article 2024/06/29 v1.4n Standard LaTeX document class

(/nix/store/kab81cjb4mqgwbmd5jdyc1b1ippksx3c-texlive-2024-env-texmfdist/tex/lat
ex/base/size12.clo
File: size12.clo 2024/06/29 v1.4n Standard LaTeX file (size option)
luaotfload | db : Font names database loaded from /home/jamesislan/.texlive2024/
texmf-var/luatex-cache/generic/names/luaotfload-names.luc.gz)
\c@part=\count194
\c@section=\count195
\c@subsection=\count196
\c@subsubsection=\count197
\c@paragraph=\count198
\c@subparagraph=\count199
\c@figure=\count266
\c@table=\count267
\abovecaptionskip=\skip49
\belowcaptionskip=\skip50
\bibindent=\dimen140
)
(/nix/store/kab81cjb4mqgwbmd5jdyc1b1ippksx3c-texlive-2024-env-texmfdist/tex/lat
ex/base/fontenc.sty
Package: fontenc 2021/04/29 v2.0v Standard LaTeX package
LaTeX Font Info:    Trying to load font information for T1+lmr on input line 11
6.

(/nix/store/kab81cjb4mqgwbmd5jdyc1b1ippksx3c-texlive-2024-env-texmfdist/tex/lat
ex/lm/t1lmr.fd
File: t1lmr.fd 2015/05/01 v1.6.1 Font defs for Latin Modern
))
(/nix/store/kab81cjb4mqgwbmd5jdyc1b1ippksx3c-texlive-2024-env-texmfdist/tex/lat
ex/graphics/graphicx.sty
Package: graphicx 2021/09/16 v1.2d Enhanced LaTeX Graphics (DPC,SPQR)

(/nix/store/kab81cjb4mqgwbmd5jdyc1b1ippksx3c-texlive-2024-env-texmfdist/tex/lat
ex/graphics/keyval.sty
Package: keyval 2022/05/29 v1.15 key=value parser (DPC)
\KV@toks@=\toks17
)
(/nix/store/kab81cjb4mqgwbmd5jdyc1b1ippksx3c-texlive-2024-env-texmfdist/tex/lat
ex/graphics/graphics.sty
Package: graphics 2024/08/06 v1.4g Standard LaTeX Graphics (DPC,SPQR)

(/nix/store/kab81cjb4mqgwbmd5jdyc1b1ippksx3c-texlive-2024-env-texmfdist/tex/lat
ex/graphics/trig.sty
Package: trig 2023/12/02 v1.11 sin cos tan (DPC)
)
(/nix/store/kab81cjb4mqgwbmd5jdyc1b1ippksx3c-texlive-2024-env-texmfdist/tex/lat
ex/graphics-cfg/graphics.cfg
File: graphics.cfg 2016/06/04 v1.11 sample graphics configuration
)
Package graphics Info: Driver file: luatex.def on input line 106.

(/nix/store/kab81cjb4mqgwbmd5jdyc1b1ippksx3c-texlive-2024-env-texmfdist/tex/lat
ex/graphics-def/luatex.def
File: luatex.def 2024/04/13 v1.2e Graphics/color driver for luatex
))
\Gin@req@height=\dimen141
\Gin@req@width=\dimen142
)
(/nix/store/kab81cjb4mqgwbmd5jdyc1b1ippksx3c-texlive-2024-env-texmfdist/tex/lat
ex/mathtools/mathtools.sty
Package: mathtools 2024/10/04 v1.31 mathematical typesetting tools

(/nix/store/kab81cjb4mqgwbmd5jdyc1b1ippksx3c-texlive-2024-env-texmfdist/tex/lat
ex/tools/calc.sty
Package: calc 2023/07/08 v4.3 Infix arithmetic (KKT,FJ)
\calc@Acount=\count268
\calc@Bcount=\count269
\calc@Adimen=\dimen143
\calc@Bdimen=\dimen144
\calc@Askip=\skip51
\calc@Bskip=\skip52
LaTeX Info: Redefining \setlength on input line 80.
LaTeX Info: Redefining \addtolength on input line 81.
\calc@Ccount=\count270
\calc@Cskip=\skip53
)
(/nix/store/kab81cjb4mqgwbmd5jdyc1b1ippksx3c-texlive-2024-env-texmfdist/tex/lat
ex/mathtools/mhsetup.sty
Package: mhsetup 2021/03/18 v1.4 programming setup (MH)
)
(/nix/store/kab81cjb4mqgwbmd5jdyc1b1ippksx3c-texlive-2024-env-texmfdist/tex/lat
ex/amsmath/amsmath.sty
Package: amsmath 2024/11/05 v2.17t AMS math features
\@mathmargin=\skip54

For additional information on amsmath, use the `?' option.

(/nix/store/kab81cjb4mqgwbmd5jdyc1b1ippksx3c-texlive-2024-env-texmfdist/tex/lat
ex/amsmath/amstext.sty
Package: amstext 2021/08/26 v2.01 AMS text

(/nix/store/kab81cjb4mqgwbmd5jdyc1b1ippksx3c-texlive-2024-env-texmfdist/tex/lat
ex/amsmath/amsgen.sty
File: amsgen.sty 1999/11/30 v2.0 generic functions
\@emptytoks=\toks18
\ex@=\dimen145
))
(/nix/store/kab81cjb4mqgwbmd5jdyc1b1ippksx3c-texlive-2024-env-texmfdist/tex/lat
ex/amsmath/amsbsy.sty
Package: amsbsy 1999/11/29 v1.2d Bold Symbols
\pmbraise@=\dimen146
)
(/nix/store/kab81cjb4mqgwbmd5jdyc1b1ippksx3c-texlive-2024-env-texmfdist/tex/lat
ex/amsmath/amsopn.sty
Package: amsopn 2022/04/08 v2.04 operator names
)
\inf@bad=\count271
LaTeX Info: Redefining \frac on input line 235.
\uproot@=\count272
\leftroot@=\count273
LaTeX Info: Redefining \overline on input line 398.
LaTeX Info: Redefining \colon on input line 409.
\classnum@=\count274
\DOTSCASE@=\count275
LaTeX Info: Redefining \ldots on input line 495.
LaTeX Info: Redefining \dots on input line 498.
LaTeX Info: Redefining \cdots on input line 619.
\Mathstrutbox@=\box52
\strutbox@=\box53
LaTeX Info: Redefining \big on input line 721.
LaTeX Info: Redefining \Big on input line 722.
LaTeX Info: Redefining \bigg on input line 723.
LaTeX Info: Redefining \Bigg on input line 724.
\big@size=\dimen147
LaTeX Font Info:    Redeclaring font encoding OML on input line 742.
LaTeX Font Info:    Redeclaring font encoding OMS on input line 743.
\macc@depth=\count276
LaTeX Info: Redefining \bmod on input line 904.
LaTeX Info: Redefining \pmod on input line 909.
LaTeX Info: Redefining \smash on input line 939.
LaTeX Info: Redefining \relbar on input line 969.
LaTeX Info: Redefining \Relbar on input line 970.
\c@MaxMatrixCols=\count277
\dotsspace@=\muskip17
\c@parentequation=\count278
\dspbrk@lvl=\count279
\tag@help=\toks19
\row@=\count280
\column@=\count281
\maxfields@=\count282
\andhelp@=\toks20
\eqnshift@=\dimen148
\alignsep@=\dimen149
\tagshift@=\dimen150
\tagwidth@=\dimen151
\totwidth@=\dimen152
\lineht@=\dimen153
\@envbody=\toks21
\multlinegap=\skip55
\multlinetaggap=\skip56
\mathdisplay@stack=\toks22
LaTeX Info: Redefining \[ on input line 2953.
LaTeX Info: Redefining \] on input line 2954.
)
\g_MT_multlinerow_int=\count283
\l_MT_multwidth_dim=\dimen154
\origjot=\skip57
\l_MT_shortvdotswithinadjustabove_dim=\dimen155
\l_MT_shortvdotswithinadjustbelow_dim=\dimen156
\l_MT_above_intertext_sep=\dimen157
\l_MT_below_intertext_sep=\dimen158
\l_MT_above_shortintertext_sep=\dimen159
\l_MT_below_shortintertext_sep=\dimen160
\xmathstrut@box=\box54
\xmathstrut@dim=\dimen161
)
(/nix/store/kab81cjb4mqgwbmd5jdyc1b1ippksx3c-texlive-2024-env-texmfdist/tex/lat
ex/amsfonts/amssymb.sty
Package: amssymb 2013/01/14 v3.01 AMS font symbols

(/nix/store/kab81cjb4mqgwbmd5jdyc1b1ippksx3c-texlive-2024-env-texmfdist/tex/lat
ex/amsfonts/amsfonts.sty
Package: amsfonts 2013/01/14 v3.01 Basic AMSFonts support
\symAMSa=\mathgroup4
\symAMSb=\mathgroup5
LaTeX Font Info:    Redeclaring math symbol \hbar on input line 98.
LaTeX Font Info:    Overwriting math alphabet `\mathfrak' in version `bold'
(Font)                  U/euf/m/n --> U/euf/b/n on input line 106.
))
(/nix/store/kab81cjb4mqgwbmd5jdyc1b1ippksx3c-texlive-2024-env-texmfdist/tex/lat
ex/amscls/amsthm.sty
Package: amsthm 2020/05/29 v2.20.6
\thm@style=\toks23
\thm@bodyfont=\toks24
\thm@headfont=\toks25
\thm@notefont=\toks26
\thm@headpunct=\toks27
\thm@preskip=\skip58
\thm@postskip=\skip59
\thm@headsep=\skip60
\dth@everypar=\toks28
)
(/nix/store/kab81cjb4mqgwbmd5jdyc1b1ippksx3c-texlive-2024-env-texmfdist/tex/lat
ex/thmtools/thmtools.sty
Package: thmtools 2023/05/04 v0.76
\thmt@toks=\toks29
\c@thmt@dummyctr=\count284

(/nix/store/kab81cjb4mqgwbmd5jdyc1b1ippksx3c-texlive-2024-env-texmfdist/tex/lat
ex/thmtools/thm-patch.sty
Package: thm-patch 2023/05/04 v0.76

(/nix/store/kab81cjb4mqgwbmd5jdyc1b1ippksx3c-texlive-2024-env-texmfdist/tex/lat
ex/thmtools/parseargs.sty
Package: parseargs 2023/05/04 v0.76
\@parsespec=\toks30
))
(/nix/store/kab81cjb4mqgwbmd5jdyc1b1ippksx3c-texlive-2024-env-texmfdist/tex/lat
ex/thmtools/thm-kv.sty
Package: thm-kv 2023/05/04 v0.76
Package thm-kv Info: Theorem names will be uppercased on input line 42.

(/nix/store/kab81cjb4mqgwbmd5jdyc1b1ippksx3c-texlive-2024-env-texmfdist/tex/lat
ex/kvsetkeys/kvsetkeys.sty
Package: kvsetkeys 2022-10-05 v1.19 Key value parser (HO)
)
Package thm-kv Info: kvsetkeys patch (v1.16 or later) on input line 158.
)
(/nix/store/kab81cjb4mqgwbmd5jdyc1b1ippksx3c-texlive-2024-env-texmfdist/tex/lat
ex/thmtools/thm-autoref.sty
Package: thm-autoref 2023/05/04 v0.76

(/nix/store/kab81cjb4mqgwbmd5jdyc1b1ippksx3c-texlive-2024-env-texmfdist/tex/lat
ex/thmtools/aliasctr.sty
Package: aliasctr 2023/05/04 v0.76
))
(/nix/store/kab81cjb4mqgwbmd5jdyc1b1ippksx3c-texlive-2024-env-texmfdist/tex/lat
ex/thmtools/thm-listof.sty
Package: thm-listof 2023/05/04 v0.76
)
(/nix/store/kab81cjb4mqgwbmd5jdyc1b1ippksx3c-texlive-2024-env-texmfdist/tex/lat
ex/thmtools/thm-restate.sty
Package: thm-restate 2023/05/04 v0.76
)
(/nix/store/kab81cjb4mqgwbmd5jdyc1b1ippksx3c-texlive-2024-env-texmfdist/tex/lat
ex/thmtools/thm-amsthm.sty
Package: thm-amsthm 2023/05/04 v0.76
\thmt@style@headstyle=\toks31
))
(/nix/store/kab81cjb4mqgwbmd5jdyc1b1ippksx3c-texlive-2024-env-texmfdist/tex/lat
ex/xcolor/xcolor.sty
Package: xcolor 2024/09/29 v3.02 LaTeX color extensions (UK)

(/nix/store/kab81cjb4mqgwbmd5jdyc1b1ippksx3c-texlive-2024-env-texmfdist/tex/lat
ex/graphics-cfg/color.cfg
File: color.cfg 2016/01/02 v1.6 sample color configuration
)
Package xcolor Info: Driver file: luatex.def on input line 274.

(/nix/store/kab81cjb4mqgwbmd5jdyc1b1ippksx3c-texlive-2024-env-texmfdist/tex/lat
ex/graphics/mathcolor.ltx)
Package xcolor Info: Model `cmy' substituted by `cmy0' on input line 1349.
Package xcolor Info: Model `hsb' substituted by `rgb' on input line 1353.
Package xcolor Info: Model `RGB' extended on input line 1365.
Package xcolor Info: Model `HTML' substituted by `rgb' on input line 1367.
Package xcolor Info: Model `Hsb' substituted by `hsb' on input line 1368.
Package xcolor Info: Model `tHsb' substituted by `hsb' on input line 1369.
Package xcolor Info: Model `HSB' substituted by `hsb' on input line 1370.
Package xcolor Info: Model `Gray' substituted by `gray' on input line 1371.
Package xcolor Info: Model `wave' substituted by `hsb' on input line 1372.
)
(/nix/store/kab81cjb4mqgwbmd5jdyc1b1ippksx3c-texlive-2024-env-texmfdist/tex/lat
ex/hyperref/nameref.sty
Package: nameref 2023-11-26 v2.56 Cross-referencing by name of section

(/nix/store/kab81cjb4mqgwbmd5jdyc1b1ippksx3c-texlive-2024-env-texmfdist/tex/lat
ex/refcount/refcount.sty
Package: refcount 2019/12/15 v3.6 Data extraction from label references (HO)

(/nix/store/kab81cjb4mqgwbmd5jdyc1b1ippksx3c-texlive-2024-env-texmfdist/tex/gen
eric/ltxcmds/ltxcmds.sty
Package: ltxcmds 2023-12-04 v1.26 LaTeX kernel commands for general use (HO)
)
(/nix/store/kab81cjb4mqgwbmd5jdyc1b1ippksx3c-texlive-2024-env-texmfdist/tex/gen
eric/infwarerr/infwarerr.sty
Package: infwarerr 2019/12/03 v1.5 Providing info/warning/error messages (HO)
))
(/nix/store/kab81cjb4mqgwbmd5jdyc1b1ippksx3c-texlive-2024-env-texmfdist/tex/gen
eric/gettitlestring/gettitlestring.sty
Package: gettitlestring 2019/12/15 v1.6 Cleanup title references (HO)

(/nix/store/kab81cjb4mqgwbmd5jdyc1b1ippksx3c-texlive-2024-env-texmfdist/tex/lat
ex/kvoptions/kvoptions.sty
Package: kvoptions 2022-06-15 v3.15 Key value format for package options (HO)
))
\c@section@level=\count285
)
(/nix/store/kab81cjb4mqgwbmd5jdyc1b1ippksx3c-texlive-2024-env-texmfdist/tex/gen
eric/babel/babel.sty
Package: babel 2025/02/14 v25.4 The multilingual framework for pdfLaTeX, LuaLaT
eX and XeLaTeX

(/nix/store/kab81cjb4mqgwbmd5jdyc1b1ippksx3c-texlive-2024-env-texmfdist/tex/gen
eric/babel/luababel.def
\bbl@readstream=\read2
\l@dumylang=\language2
Package babel Info: Non-standard hyphenation setup on input line 118.
\l@nohyphenation=\language3
\l@vietnamese=\language4
\l@hebrew=\language5
\l@german-x-2024-02-28=\language6
\l@ngerman-x-2024-02-28=\language7
\l@afrikaans=\language8
\l@albanian=\language9
\l@ancientgreek=\language10
\l@ibycus=\language11
\l@arabic=\language12
\l@armenian=\language13
\l@basque=\language14
\l@belarusian=\language15
\l@bulgarian=\language16
\l@catalan=\language17
\l@pinyin=\language18
\l@churchslavonic=\language19
\l@coptic=\language20
\l@croatian=\language21
\l@czech=\language22
\l@danish=\language23
\l@dutch=\language24
\l@ukenglish=\language25
\l@usenglishmax=\language26
\l@esperanto=\language27
\l@estonian=\language28
\l@ethiopic=\language29
\l@farsi=\language30
\l@finnish=\language31
\l@schoolfinnish=\language32
\l@french=\language33
\l@friulan=\language34
\l@galician=\language35
\l@georgian=\language36
\l@german=\language37
\l@ngerman=\language38
\l@swissgerman=\language39
\l@greek=\language40
\l@monogreek=\language41
\l@hungarian=\language42
\l@icelandic=\language43
\l@assamese=\language44
\l@bengali=\language45
\l@gujarati=\language46
\l@hindi=\language47
\l@kannada=\language48
\l@malayalam=\language49
\l@marathi=\language50
\l@oriya=\language51
\l@pali=\language52
\l@panjabi=\language53
\l@tamil=\language54
\l@telugu=\language55
\l@indonesian=\language56
\l@interlingua=\language57
\l@irish=\language58
\l@italian=\language59
\l@kurmanji=\language60
\l@classiclatin=\language61
\l@latin=\language62
\l@liturgicallatin=\language63
\l@latvian=\language64
\l@lithuanian=\language65
\l@macedonian=\language66
\l@mongolian=\language67
\l@mongolianlmc=\language68
\l@bokmal=\language69
\l@nynorsk=\language70
\l@occitan=\language71
\l@piedmontese=\language72
\l@polish=\language73
\l@portuguese=\language74
\l@romanian=\language75
\l@romansh=\language76
\l@russian=\language77
\l@sanskrit=\language78
\l@serbian=\language79
\l@serbianc=\language80
\l@slovak=\language81
\l@slovenian=\language82
\l@spanish=\language83
\l@swedish=\language84
\l@thai=\language85
\l@turkish=\language86
\l@turkmen=\language87
\l@ukrainian=\language88
\l@uppersorbian=\language89
\l@welsh=\language90
\babelcatcodetablenum=\catcodetable14
\bbl@pattcodes=\catcodetable15
)
\babel@savecnt=\count286
\U@D=\dimen162
\l@unhyphenated=\language91

(/nix/store/kab81cjb4mqgwbmd5jdyc1b1ippksx3c-texlive-2024-env-texmfdist/tex/gen
eric/babel/luababel.def
\bbl@attr@locale=\attribute4
)
(/nix/store/kab81cjb4mqgwbmd5jdyc1b1ippksx3c-texlive-2024-env-texmfdist/tex/gen
eric/babel-portuges/portuguese.ldf
Language: portuges 2021/07/09 v1.2t Portuguese support from the babel system
Package babel Info: Making " an active character on input line 143.

(/nix/store/kab81cjb4mqgwbmd5jdyc1b1ippksx3c-texlive-2024-env-texmfdist/tex/gen
eric/hyph-utf8/loadhyph/loadhyph-pt.tex UTF-8 Portuguese hyphenation patterns
(/nix/store/kab81cjb4mqgwbmd5jdyc1b1ippksx3c-texlive-2024-env-texmfdist/tex/gen
eric/hyph-utf8/patterns/tex/hyph-pt.tex))))
(/nix/store/kab81cjb4mqgwbmd5jdyc1b1ippksx3c-texlive-2024-env-texmfdist/tex/gen
eric/babel/locale/pt/babel-portuguese.tex
Package babel Info: Importing font and identification data for portuguese
(babel)             from babel-pt.ini. Reported on input line 11.
)
(/nix/store/kab81cjb4mqgwbmd5jdyc1b1ippksx3c-texlive-2024-env-texmfdist/tex/lat
ex/hyperref/hyperref.sty
Package: hyperref 2024-11-05 v7.01l Hypertext links for LaTeX

(/nix/store/kab81cjb4mqgwbmd5jdyc1b1ippksx3c-texlive-2024-env-texmfdist/tex/gen
eric/iftex/iftex.sty
Package: iftex 2024/12/12 v1.0g TeX engine tests
)
(/nix/store/kab81cjb4mqgwbmd5jdyc1b1ippksx3c-texlive-2024-env-texmfdist/tex/gen
eric/kvdefinekeys/kvdefinekeys.sty
Package: kvdefinekeys 2019-12-19 v1.6 Define keys (HO)
)
(/nix/store/kab81cjb4mqgwbmd5jdyc1b1ippksx3c-texlive-2024-env-texmfdist/tex/gen
eric/pdfescape/pdfescape.sty
Package: pdfescape 2019/12/09 v1.15 Implements pdfTeX's escape features (HO)

(/nix/store/kab81cjb4mqgwbmd5jdyc1b1ippksx3c-texlive-2024-env-texmfdist/tex/gen
eric/pdftexcmds/pdftexcmds.sty
Package: pdftexcmds 2020-06-27 v0.33 Utility functions of pdfTeX for LuaTeX (HO
)
Package pdftexcmds Info: \pdf@primitive is available.
Package pdftexcmds Info: \pdf@ifprimitive is available.
Package pdftexcmds Info: \pdfdraftmode found.
\pdftexcmds@toks=\toks32
))
(/nix/store/kab81cjb4mqgwbmd5jdyc1b1ippksx3c-texlive-2024-env-texmfdist/tex/lat
ex/hycolor/hycolor.sty
Package: hycolor 2020-01-27 v1.10 Color options for hyperref/bookmark (HO)
)
(/nix/store/kab81cjb4mqgwbmd5jdyc1b1ippksx3c-texlive-2024-env-texmfdist/tex/lat
ex/etoolbox/etoolbox.sty
Package: etoolbox 2025/02/11 v2.5l e-TeX tools for LaTeX (JAW)
\etb@tempcnta=\count287
)
(/nix/store/kab81cjb4mqgwbmd5jdyc1b1ippksx3c-texlive-2024-env-texmfdist/tex/gen
eric/stringenc/stringenc.sty
Package: stringenc 2019/11/29 v1.12 Convert strings between diff. encodings (HO
)
)
\@linkdim=\dimen163
\Hy@linkcounter=\count288
\Hy@pagecounter=\count289

(/nix/store/kab81cjb4mqgwbmd5jdyc1b1ippksx3c-texlive-2024-env-texmfdist/tex/lat
ex/hyperref/pd1enc.def
File: pd1enc.def 2024-11-05 v7.01l Hyperref: PDFDocEncoding definition (HO)
)
(/nix/store/kab81cjb4mqgwbmd5jdyc1b1ippksx3c-texlive-2024-env-texmfdist/tex/gen
eric/intcalc/intcalc.sty
Package: intcalc 2019/12/15 v1.3 Expandable calculations with integers (HO)
)
\Hy@SavedSpaceFactor=\count290

(/nix/store/kab81cjb4mqgwbmd5jdyc1b1ippksx3c-texlive-2024-env-texmfdist/tex/lat
ex/hyperref/puenc.def
File: puenc.def 2024-11-05 v7.01l Hyperref: PDF Unicode definition (HO)
)
Package hyperref Info: Hyper figures OFF on input line 4157.
Package hyperref Info: Link nesting OFF on input line 4162.
Package hyperref Info: Hyper index ON on input line 4165.
Package hyperref Info: Plain pages OFF on input line 4172.
Package hyperref Info: Backreferencing OFF on input line 4177.
Package hyperref Info: Implicit mode ON; LaTeX internals redefined.
Package hyperref Info: Bookmarks ON on input line 4424.
\c@Hy@tempcnt=\count291

(/nix/store/kab81cjb4mqgwbmd5jdyc1b1ippksx3c-texlive-2024-env-texmfdist/tex/lat
ex/url/url.sty
\Urlmuskip=\muskip18
Package: url 2013/09/16  ver 3.4  Verb mode for urls, etc.
)
LaTeX Info: Redefining \url on input line 4763.
\XeTeXLinkMargin=\dimen164

(/nix/store/kab81cjb4mqgwbmd5jdyc1b1ippksx3c-texlive-2024-env-texmfdist/tex/gen
eric/bitset/bitset.sty
Package: bitset 2019/12/09 v1.3 Handle bit-vector datatype (HO)

(/nix/store/kab81cjb4mqgwbmd5jdyc1b1ippksx3c-texlive-2024-env-texmfdist/tex/gen
eric/bigintcalc/bigintcalc.sty
Package: bigintcalc 2019/12/15 v1.5 Expandable calculations on big integers (HO
)
))
\Fld@menulength=\count292
\Field@Width=\dimen165
\Fld@charsize=\dimen166
Package hyperref Info: Hyper figures OFF on input line 6042.
Package hyperref Info: Link nesting OFF on input line 6047.
Package hyperref Info: Hyper index ON on input line 6050.
Package hyperref Info: backreferencing OFF on input line 6057.
Package hyperref Info: Link coloring OFF on input line 6062.
Package hyperref Info: Link coloring with OCG OFF on input line 6067.
Package hyperref Info: PDF/A mode OFF on input line 6072.

(/nix/store/kab81cjb4mqgwbmd5jdyc1b1ippksx3c-texlive-2024-env-texmfdist/tex/lat
ex/base/atbegshi-ltx.sty
Package: atbegshi-ltx 2021/01/10 v1.0c Emulation of the original atbegshi
package with kernel methods
)
\Hy@abspage=\count293
\c@Item=\count294
\c@Hfootnote=\count295
)
Package hyperref Info: Driver (autodetected): hluatex.

(/nix/store/kab81cjb4mqgwbmd5jdyc1b1ippksx3c-texlive-2024-env-texmfdist/tex/lat
ex/hyperref/hluatex.def
File: hluatex.def 2024-11-05 v7.01l Hyperref driver for luaTeX

(/nix/store/kab81cjb4mqgwbmd5jdyc1b1ippksx3c-texlive-2024-env-texmfdist/tex/lat
ex/base/atveryend-ltx.sty
Package: atveryend-ltx 2020/08/19 v1.0a Emulation of the original atveryend pac
kage
with kernel methods
)
\Fld@listcount=\count296
\c@bookmark@seq@number=\count297

(/nix/store/kab81cjb4mqgwbmd5jdyc1b1ippksx3c-texlive-2024-env-texmfdist/tex/lat
ex/rerunfilecheck/rerunfilecheck.sty
Package: rerunfilecheck 2022-07-10 v1.10 Rerun checks for auxiliary files (HO)

(/nix/store/kab81cjb4mqgwbmd5jdyc1b1ippksx3c-texlive-2024-env-texmfdist/tex/gen
eric/uniquecounter/uniquecounter.sty
Package: uniquecounter 2019/12/15 v1.4 Provide unlimited unique counter (HO)
)
Package uniquecounter Info: New unique counter `rerunfilecheck' on input line 2
85.
)
\Hy@SectionHShift=\skip61
)
(/nix/store/kab81cjb4mqgwbmd5jdyc1b1ippksx3c-texlive-2024-env-texmfdist/tex/lat
ex/l3backend/l3backend-luatex.def
File: l3backend-luatex.def 2024-05-08 L3 backend support: PDF output (LuaTeX)
\l__color_backend_stack_int=\count298
Inserting `l3color' in `luaotfload.parse_color'.
\l__pdf_internal_box=\box55
) (./document.aux)
\openout1 = document.aux

LaTeX Font Info:    Checking defaults for OML/cmm/m/it on input line 14.
LaTeX Font Info:    ... okay on input line 14.
LaTeX Font Info:    Checking defaults for OMS/cmsy/m/n on input line 14.
LaTeX Font Info:    ... okay on input line 14.
LaTeX Font Info:    Checking defaults for OT1/cmr/m/n on input line 14.
LaTeX Font Info:    ... okay on input line 14.
LaTeX Font Info:    Checking defaults for T1/cmr/m/n on input line 14.
LaTeX Font Info:    ... okay on input line 14.
LaTeX Font Info:    Checking defaults for TS1/cmr/m/n on input line 14.
LaTeX Font Info:    ... okay on input line 14.
LaTeX Font Info:    Checking defaults for TU/lmr/m/n on input line 14.
LaTeX Font Info:    ... okay on input line 14.
LaTeX Font Info:    Checking defaults for OMX/cmex/m/n on input line 14.
LaTeX Font Info:    ... okay on input line 14.
LaTeX Font Info:    Checking defaults for U/cmr/m/n on input line 14.
LaTeX Font Info:    ... okay on input line 14.
LaTeX Font Info:    Checking defaults for PD1/pdf/m/n on input line 14.
LaTeX Font Info:    ... okay on input line 14.
LaTeX Font Info:    Checking defaults for PU/pdf/m/n on input line 14.
LaTeX Font Info:    ... okay on input line 14.

(/nix/store/kab81cjb4mqgwbmd5jdyc1b1ippksx3c-texlive-2024-env-texmfdist/tex/con
text/base/mkii/supp-pdf.mkii
[Loading MPS to PDF converter (version 2006.09.02).]
\scratchcounter=\count299
\scratchdimen=\dimen167
\scratchbox=\box56
\nofMPsegments=\count300
\nofMParguments=\count301
\everyMPshowfont=\toks33
\MPscratchCnt=\count302
\MPscratchDim=\dimen168
\MPnumerator=\count303
\makeMPintoPDFobject=\count304
\everyMPtoPDFconversion=\toks34
)
(/nix/store/kab81cjb4mqgwbmd5jdyc1b1ippksx3c-texlive-2024-env-texmfdist/tex/lat
ex/epstopdf-pkg/epstopdf-base.sty
Package: epstopdf-base 2020-01-24 v2.11 Base part for package epstopdf
Package epstopdf-base Info: Redefining graphics rule for `.eps' on input line 4
85.

(/nix/store/kab81cjb4mqgwbmd5jdyc1b1ippksx3c-texlive-2024-env-texmfdist/tex/lat
ex/latexconfig/epstopdf-sys.cfg
File: epstopdf-sys.cfg 2010/07/13 v1.3 Configuration of (r)epstopdf for TeX Liv
e
))
Package hyperref Info: Link coloring OFF on input line 14.
 (./document.out) (./document.out)
\@outlinefile=\write3

\openout3 = document.out
LaTeX Font Info:    Trying to load font information for U+msa on input line 16.


(/nix/store/kab81cjb4mqgwbmd5jdyc1b1ippksx3c-texlive-2024-env-texmfdist/tex/lat
ex/amsfonts/umsa.fd
File: umsa.fd 2013/01/14 v3.01 AMS symbols A
)
LaTeX Font Info:    Trying to load font information for U+msb on input line 16.


(/nix/store/kab81cjb4mqgwbmd5jdyc1b1ippksx3c-texlive-2024-env-texmfdist/tex/lat
ex/amsfonts/umsb.fd
File: umsb.fd 2013/01/14 v3.01 AMS symbols B
)

[1

{/nix/store/kwv3q6nxxb3rgyml0nal2q4ln0hnpfhr-texlive-2024-env/share/texmf-var/fo
nts/map/pdftex/updmap/pdftex.map}]

[2]

[3] (./document.aux)
 ***********
LaTeX2e <2024-11-01> patch level 2
L3 programming layer <2025-01-18>
 ***********


Package rerunfilecheck Warning: File `document.out' has changed.
(rerunfilecheck)                Rerun to get outlines right
(rerunfilecheck)                or use package `bookmark'.

Package rerunfilecheck Info: Checksums for `document.out':
(rerunfilecheck)             Before: CA422F829CD0E45FE7CD4938BD247A10;1275
(rerunfilecheck)             After:  734B4F3D8C3A0806850624BBEB393BFD;1962.
)

Here is how much of LuaTeX's memory you used:
 13103 strings out of 475514
 125129,794899 words of node,token memory allocated
 560 words of node memory still in use:
   7 hlist, 2 vlist, 2 rule, 5 glue, 4 kern, 1 glyph, 12 attribute, 58 glue_spec
, 8 attribute_list, 1 write nodes
   avail lists: 1:1,2:500,3:201,4:71,5:151,6:53,7:3529,8:1,9:244,10:8,11:414
 35818 multiletter control sequences out of 65536+600000
 41 fonts using 2481423 bytes
 70i,6n,75p,544b,430s stack positions out of 10000i,1000n,20000p,200000b,200000s
{/nix/store/kab81cjb4mqgwbmd5jdyc1b1ippksx3c-texlive-2024-env-texmfdist/fonts/en
c/dvips/lm/lm-ts1.enc}{/nix/store/kab81cjb4mqgwbmd5jdyc1b1ippksx3c-texlive-2024-
env-texmfdist/fonts/enc/dvips/lm/lm-ec.enc}</nix/store/kab81cjb4mqgwbmd5jdyc1b1i
ppksx3c-texlive-2024-env-texmfdist/fonts/type1/public/lm/lmbx12.pfb></nix/store/
kab81cjb4mqgwbmd5jdyc1b1ippksx3c-texlive-2024-env-texmfdist/fonts/type1/public/l
m/lmr12.pfb></nix/store/kab81cjb4mqgwbmd5jdyc1b1ippksx3c-texlive-2024-env-texmfd
ist/fonts/type1/public/lm/lmr17.pfb>
Output written on document.pdf (3 pages, 85715 bytes).

PDF statistics: 66 PDF objects out of 1000 (max. 8388607)
 57 compressed objects within 1 object stream
 14 named destinations out of 1000 (max. 131072)
 49 words of extra memory for PDF output out of 10000 (max. 100000000)

